enabling storing illegal instruction bits in mtval.
PMP count: 16
PMP grain: 0
setting ram-size to 8796093022208 MB
setting signature-granularity to 8 bytes
using /workspaces/riscv-arch-test/riscof-plugins/rv64/riscof_work/rv64i_m/I/src/sraw-01.S/Reference-sail_c_simulator.signature for test-signature output.
tohost located at 0x80000000001000
Running file ref.elf.
ELF Entry @ 0x80000000000000
begin_signature: 0x80000000003110
end_signature: 0x80000000003240
CSR mstatus <- 0x0000000A00000000 (input: 0x0000000000000000)
mem[X,0x0000000000001000] -> 0x0297
mem[X,0x0000000000001002] -> 0x0000
[0] [M]: 0x0000000000001000 (0x00000297) auipc t0, 0x0
x5 <- 0x0000000000001000

mem[X,0x0000000000001004] -> 0x8593
mem[X,0x0000000000001006] -> 0x0202
[1] [M]: 0x0000000000001004 (0x02028593) addi a1, t0, 0x20
x11 <- 0x0000000000001020

mem[X,0x0000000000001008] -> 0x2573
mem[X,0x000000000000100A] -> 0xF140
[2] [M]: 0x0000000000001008 (0xF1402573) csrrs a0, mhartid, zero
CSR mhartid -> 0x0000000000000000
x10 <- 0x0000000000000000

mem[X,0x000000000000100C] -> 0xB283
mem[X,0x000000000000100E] -> 0x0182
[3] [M]: 0x000000000000100C (0x0182B283) ld t0, 0x18(t0)
mem[R,0x0000000000001018] -> 0x0080000000000000
x5 <- 0x0080000000000000

mem[X,0x0000000000001010] -> 0x8067
mem[X,0x0000000000001012] -> 0x0002
[4] [M]: 0x0000000000001010 (0x00028067) jalr zero, 0x0(t0)

mem[X,0x0080000000000000] -> 0x0837
mem[X,0x0080000000000002] -> 0x7D5C
[5] [M]: 0x0080000000000000 (0x7D5C0837) lui a6, 0x7d5c0
x16 <- 0x000000007D5C0000

mem[X,0x0080000000000004] -> 0x0813
mem[X,0x0080000000000006] -> 0xDDB8
[6] [M]: 0x0080000000000004 (0xDDB80813) addi a6, a6, -0x225
x16 <- 0x000000007D5BFDDB

mem[X,0x0080000000000008] -> 0x1813
mem[X,0x008000000000000A] -> 0x00B8
[7] [M]: 0x0080000000000008 (0x00B81813) slli a6, a6, 0xb
x16 <- 0x000003EADFEED800

mem[X,0x008000000000000C] -> 0x0813
mem[X,0x008000000000000E] -> 0x3EA8
[8] [M]: 0x008000000000000C (0x3EA80813) addi a6, a6, 0x3ea
x16 <- 0x000003EADFEEDBEA

mem[X,0x0080000000000010] -> 0x1813
mem[X,0x0080000000000012] -> 0x00B8
[9] [M]: 0x0080000000000010 (0x00B81813) slli a6, a6, 0xb
x16 <- 0x001F56FF76DF5000

mem[X,0x0080000000000014] -> 0x0813
mem[X,0x0080000000000016] -> 0x6FF8
[10] [M]: 0x0080000000000014 (0x6FF80813) addi a6, a6, 0x6ff
x16 <- 0x001F56FF76DF56FF

mem[X,0x0080000000000018] -> 0x1813
mem[X,0x008000000000001A] -> 0x00A8
[11] [M]: 0x0080000000000018 (0x00A81813) slli a6, a6, 0xa
x16 <- 0x7D5BFDDB7D5BFC00

mem[X,0x008000000000001C] -> 0x0813
mem[X,0x008000000000001E] -> 0x1DB8
[12] [M]: 0x008000000000001C (0x1DB80813) addi a6, a6, 0x1db
x16 <- 0x7D5BFDDB7D5BFDDB

mem[X,0x0080000000000020] -> 0x5893
mem[X,0x0080000000000022] -> 0x0078
[13] [M]: 0x0080000000000020 (0x00785893) srli a7, a6, 0x7
x17 <- 0x00FAB7FBB6FAB7FB

mem[X,0x0080000000000024] -> 0x5793
mem[X,0x0080000000000026] -> 0x0398
[14] [M]: 0x0080000000000024 (0x03985793) srli a5, a6, 0x39
x15 <- 0x000000000000003E

mem[X,0x0080000000000028] -> 0xE8B3
mem[X,0x008000000000002A] -> 0x00F8
[15] [M]: 0x0080000000000028 (0x00F8E8B3) or a7, a7, a5
x17 <- 0x00FAB7FBB6FAB7FF

mem[X,0x008000000000002C] -> 0xD913
mem[X,0x008000000000002E] -> 0x0078
[16] [M]: 0x008000000000002C (0x0078D913) srli s2, a7, 0x7
x18 <- 0x0001F56FF76DF56F

mem[X,0x0080000000000030] -> 0xD793
mem[X,0x0080000000000032] -> 0x0398
[17] [M]: 0x0080000000000030 (0x0398D793) srli a5, a7, 0x39
x15 <- 0x0000000000000000

mem[X,0x0080000000000034] -> 0x6933
mem[X,0x0080000000000036] -> 0x00F9
[18] [M]: 0x0080000000000034 (0x00F96933) or s2, s2, a5
x18 <- 0x0001F56FF76DF56F

mem[X,0x0080000000000038] -> 0x5993
mem[X,0x008000000000003A] -> 0x0079
[19] [M]: 0x0080000000000038 (0x00795993) srli s3, s2, 0x7
x19 <- 0x000003EADFEEDBEA

mem[X,0x008000000000003C] -> 0x5793
mem[X,0x008000000000003E] -> 0x0399
[20] [M]: 0x008000000000003C (0x03995793) srli a5, s2, 0x39
x15 <- 0x0000000000000000

mem[X,0x0080000000000040] -> 0xE9B3
mem[X,0x0080000000000042] -> 0x00F9
[21] [M]: 0x0080000000000040 (0x00F9E9B3) or s3, s3, a5
x19 <- 0x000003EADFEEDBEA

mem[X,0x0080000000000044] -> 0xDA13
mem[X,0x0080000000000046] -> 0x0079
[22] [M]: 0x0080000000000044 (0x0079DA13) srli s4, s3, 0x7
x20 <- 0x00000007D5BFDDB7

mem[X,0x0080000000000048] -> 0xD793
mem[X,0x008000000000004A] -> 0x0399
[23] [M]: 0x0080000000000048 (0x0399D793) srli a5, s3, 0x39
x15 <- 0x0000000000000000

mem[X,0x008000000000004C] -> 0x6A33
mem[X,0x008000000000004E] -> 0x00FA
[24] [M]: 0x008000000000004C (0x00FA6A33) or s4, s4, a5
x20 <- 0x00000007D5BFDDB7

mem[X,0x0080000000000050] -> 0x5A93
mem[X,0x0080000000000052] -> 0x007A
[25] [M]: 0x0080000000000050 (0x007A5A93) srli s5, s4, 0x7
x21 <- 0x000000000FAB7FBB

mem[X,0x0080000000000054] -> 0x5793
mem[X,0x0080000000000056] -> 0x039A
[26] [M]: 0x0080000000000054 (0x039A5793) srli a5, s4, 0x39
x15 <- 0x0000000000000000

mem[X,0x0080000000000058] -> 0xEAB3
mem[X,0x008000000000005A] -> 0x00FA
[27] [M]: 0x0080000000000058 (0x00FAEAB3) or s5, s5, a5
x21 <- 0x000000000FAB7FBB

mem[X,0x008000000000005C] -> 0xDB13
mem[X,0x008000000000005E] -> 0x007A
[28] [M]: 0x008000000000005C (0x007ADB13) srli s6, s5, 0x7
x22 <- 0x00000000001F56FF

mem[X,0x0080000000000060] -> 0xD793
mem[X,0x0080000000000062] -> 0x039A
[29] [M]: 0x0080000000000060 (0x039AD793) srli a5, s5, 0x39
x15 <- 0x0000000000000000

mem[X,0x0080000000000064] -> 0x6B33
mem[X,0x0080000000000066] -> 0x00FB
[30] [M]: 0x0080000000000064 (0x00FB6B33) or s6, s6, a5
x22 <- 0x00000000001F56FF

mem[X,0x0080000000000068] -> 0x5B93
mem[X,0x008000000000006A] -> 0x007B
[31] [M]: 0x0080000000000068 (0x007B5B93) srli s7, s6, 0x7
x23 <- 0x0000000000003EAD

mem[X,0x008000000000006C] -> 0x5793
mem[X,0x008000000000006E] -> 0x039B
[32] [M]: 0x008000000000006C (0x039B5793) srli a5, s6, 0x39
x15 <- 0x0000000000000000

mem[X,0x0080000000000070] -> 0xEBB3
mem[X,0x0080000000000072] -> 0x00FB
[33] [M]: 0x0080000000000070 (0x00FBEBB3) or s7, s7, a5
x23 <- 0x0000000000003EAD

mem[X,0x0080000000000074] -> 0xDC13
mem[X,0x0080000000000076] -> 0x007B
[34] [M]: 0x0080000000000074 (0x007BDC13) srli s8, s7, 0x7
x24 <- 0x000000000000007D

mem[X,0x0080000000000078] -> 0xD793
mem[X,0x008000000000007A] -> 0x039B
[35] [M]: 0x0080000000000078 (0x039BD793) srli a5, s7, 0x39
x15 <- 0x0000000000000000

mem[X,0x008000000000007C] -> 0x6C33
mem[X,0x008000000000007E] -> 0x00FC
[36] [M]: 0x008000000000007C (0x00FC6C33) or s8, s8, a5
x24 <- 0x000000000000007D

mem[X,0x0080000000000080] -> 0x5C93
mem[X,0x0080000000000082] -> 0x007C
[37] [M]: 0x0080000000000080 (0x007C5C93) srli s9, s8, 0x7
x25 <- 0x0000000000000000

mem[X,0x0080000000000084] -> 0x5793
mem[X,0x0080000000000086] -> 0x039C
[38] [M]: 0x0080000000000084 (0x039C5793) srli a5, s8, 0x39
x15 <- 0x0000000000000000

mem[X,0x0080000000000088] -> 0xECB3
mem[X,0x008000000000008A] -> 0x00FC
[39] [M]: 0x0080000000000088 (0x00FCECB3) or s9, s9, a5
x25 <- 0x0000000000000000

mem[X,0x008000000000008C] -> 0xDD13
mem[X,0x008000000000008E] -> 0x007C
[40] [M]: 0x008000000000008C (0x007CDD13) srli s10, s9, 0x7
x26 <- 0x0000000000000000

mem[X,0x0080000000000090] -> 0xD793
mem[X,0x0080000000000092] -> 0x039C
[41] [M]: 0x0080000000000090 (0x039CD793) srli a5, s9, 0x39
x15 <- 0x0000000000000000

mem[X,0x0080000000000094] -> 0x6D33
mem[X,0x0080000000000096] -> 0x00FD
[42] [M]: 0x0080000000000094 (0x00FD6D33) or s10, s10, a5
x26 <- 0x0000000000000000

mem[X,0x0080000000000098] -> 0x5D93
mem[X,0x008000000000009A] -> 0x007D
[43] [M]: 0x0080000000000098 (0x007D5D93) srli s11, s10, 0x7
x27 <- 0x0000000000000000

mem[X,0x008000000000009C] -> 0x5793
mem[X,0x008000000000009E] -> 0x039D
[44] [M]: 0x008000000000009C (0x039D5793) srli a5, s10, 0x39
x15 <- 0x0000000000000000

mem[X,0x00800000000000A0] -> 0xEDB3
mem[X,0x00800000000000A2] -> 0x00FD
[45] [M]: 0x00800000000000A0 (0x00FDEDB3) or s11, s11, a5
x27 <- 0x0000000000000000

mem[X,0x00800000000000A4] -> 0xDE13
mem[X,0x00800000000000A6] -> 0x007D
[46] [M]: 0x00800000000000A4 (0x007DDE13) srli t3, s11, 0x7
x28 <- 0x0000000000000000

mem[X,0x00800000000000A8] -> 0xD793
mem[X,0x00800000000000AA] -> 0x039D
[47] [M]: 0x00800000000000A8 (0x039DD793) srli a5, s11, 0x39
x15 <- 0x0000000000000000

mem[X,0x00800000000000AC] -> 0x6E33
mem[X,0x00800000000000AE] -> 0x00FE
[48] [M]: 0x00800000000000AC (0x00FE6E33) or t3, t3, a5
x28 <- 0x0000000000000000

mem[X,0x00800000000000B0] -> 0x5E93
mem[X,0x00800000000000B2] -> 0x007E
[49] [M]: 0x00800000000000B0 (0x007E5E93) srli t4, t3, 0x7
x29 <- 0x0000000000000000

mem[X,0x00800000000000B4] -> 0x5793
mem[X,0x00800000000000B6] -> 0x039E
[50] [M]: 0x00800000000000B4 (0x039E5793) srli a5, t3, 0x39
x15 <- 0x0000000000000000

mem[X,0x00800000000000B8] -> 0xEEB3
mem[X,0x00800000000000BA] -> 0x00FE
[51] [M]: 0x00800000000000B8 (0x00FEEEB3) or t4, t4, a5
x29 <- 0x0000000000000000

mem[X,0x00800000000000BC] -> 0xDF13
mem[X,0x00800000000000BE] -> 0x007E
[52] [M]: 0x00800000000000BC (0x007EDF13) srli t5, t4, 0x7
x30 <- 0x0000000000000000

mem[X,0x00800000000000C0] -> 0xD793
mem[X,0x00800000000000C2] -> 0x039E
[53] [M]: 0x00800000000000C0 (0x039ED793) srli a5, t4, 0x39
x15 <- 0x0000000000000000

mem[X,0x00800000000000C4] -> 0x6F33
mem[X,0x00800000000000C6] -> 0x00FF
[54] [M]: 0x00800000000000C4 (0x00FF6F33) or t5, t5, a5
x30 <- 0x0000000000000000

mem[X,0x00800000000000C8] -> 0xC0B7
mem[X,0x00800000000000CA] -> 0xFEED
[55] [M]: 0x00800000000000C8 (0xFEEDC0B7) lui ra, -0x1124
x1 <- 0xFFFFFFFFFEEDC000

mem[X,0x00800000000000CC] -> 0x8093
mem[X,0x00800000000000CE] -> 0xEAD0
[56] [M]: 0x00800000000000CC (0xEAD08093) addi ra, ra, -0x153
x1 <- 0xFFFFFFFFFEEDBEAD

mem[X,0x00800000000000D0] -> 0x9093
mem[X,0x00800000000000D2] -> 0x00B0
[57] [M]: 0x00800000000000D0 (0x00B09093) slli ra, ra, 0xb
x1 <- 0xFFFFFFF76DF56800

mem[X,0x00800000000000D4] -> 0x8093
mem[X,0x00800000000000D6] -> 0x7F70
[58] [M]: 0x00800000000000D4 (0x7F708093) addi ra, ra, 0x7f7
x1 <- 0xFFFFFFF76DF56FF7

mem[X,0x00800000000000D8] -> 0x9093
mem[X,0x00800000000000DA] -> 0x00B0
[59] [M]: 0x00800000000000D8 (0x00B09093) slli ra, ra, 0xb
x1 <- 0xFFFFBB6FAB7FB800

mem[X,0x00800000000000DC] -> 0x8093
mem[X,0x00800000000000DE] -> 0x36F0
[60] [M]: 0x00800000000000DC (0x36F08093) addi ra, ra, 0x36f
x1 <- 0xFFFFBB6FAB7FBB6F

mem[X,0x00800000000000E0] -> 0x9093
mem[X,0x00800000000000E2] -> 0x00A0
[61] [M]: 0x00800000000000E0 (0x00A09093) slli ra, ra, 0xa
x1 <- 0xFEEDBEADFEEDBC00

mem[X,0x00800000000000E4] -> 0x8093
mem[X,0x00800000000000E6] -> 0x2AD0
[62] [M]: 0x00800000000000E4 (0x2AD08093) addi ra, ra, 0x2ad
x1 <- 0xFEEDBEADFEEDBEAD

mem[X,0x00800000000000E8] -> 0xD113
mem[X,0x00800000000000EA] -> 0x0070
[63] [M]: 0x00800000000000E8 (0x0070D113) srli sp, ra, 0x7
x2 <- 0x01FDDB7D5BFDDB7D

mem[X,0x00800000000000EC] -> 0xD793
mem[X,0x00800000000000EE] -> 0x0390
[64] [M]: 0x00800000000000EC (0x0390D793) srli a5, ra, 0x39
x15 <- 0x000000000000007F

mem[X,0x00800000000000F0] -> 0x6133
mem[X,0x00800000000000F2] -> 0x00F1
[65] [M]: 0x00800000000000F0 (0x00F16133) or sp, sp, a5
x2 <- 0x01FDDB7D5BFDDB7F

mem[X,0x00800000000000F4] -> 0x5193
mem[X,0x00800000000000F6] -> 0x0071
[66] [M]: 0x00800000000000F4 (0x00715193) srli gp, sp, 0x7
x3 <- 0x0003FBB6FAB7FBB6

mem[X,0x00800000000000F8] -> 0x5793
mem[X,0x00800000000000FA] -> 0x0391
[67] [M]: 0x00800000000000F8 (0x03915793) srli a5, sp, 0x39
x15 <- 0x0000000000000000

mem[X,0x00800000000000FC] -> 0xE1B3
mem[X,0x00800000000000FE] -> 0x00F1
[68] [M]: 0x00800000000000FC (0x00F1E1B3) or gp, gp, a5
x3 <- 0x0003FBB6FAB7FBB6

mem[X,0x0080000000000100] -> 0xD213
mem[X,0x0080000000000102] -> 0x0071
[69] [M]: 0x0080000000000100 (0x0071D213) srli tp, gp, 0x7
x4 <- 0x000007F76DF56FF7

mem[X,0x0080000000000104] -> 0xD793
mem[X,0x0080000000000106] -> 0x0391
[70] [M]: 0x0080000000000104 (0x0391D793) srli a5, gp, 0x39
x15 <- 0x0000000000000000

mem[X,0x0080000000000108] -> 0x6233
mem[X,0x008000000000010A] -> 0x00F2
[71] [M]: 0x0080000000000108 (0x00F26233) or tp, tp, a5
x4 <- 0x000007F76DF56FF7

mem[X,0x008000000000010C] -> 0x5293
mem[X,0x008000000000010E] -> 0x0072
[72] [M]: 0x008000000000010C (0x00725293) srli t0, tp, 0x7
x5 <- 0x0000000FEEDBEADF

mem[X,0x0080000000000110] -> 0x5793
mem[X,0x0080000000000112] -> 0x0392
[73] [M]: 0x0080000000000110 (0x03925793) srli a5, tp, 0x39
x15 <- 0x0000000000000000

mem[X,0x0080000000000114] -> 0xE2B3
mem[X,0x0080000000000116] -> 0x00F2
[74] [M]: 0x0080000000000114 (0x00F2E2B3) or t0, t0, a5
x5 <- 0x0000000FEEDBEADF

mem[X,0x0080000000000118] -> 0xD313
mem[X,0x008000000000011A] -> 0x0072
[75] [M]: 0x0080000000000118 (0x0072D313) srli t1, t0, 0x7
x6 <- 0x000000001FDDB7D5

mem[X,0x008000000000011C] -> 0xD793
mem[X,0x008000000000011E] -> 0x0392
[76] [M]: 0x008000000000011C (0x0392D793) srli a5, t0, 0x39
x15 <- 0x0000000000000000

mem[X,0x0080000000000120] -> 0x6333
mem[X,0x0080000000000122] -> 0x00F3
[77] [M]: 0x0080000000000120 (0x00F36333) or t1, t1, a5
x6 <- 0x000000001FDDB7D5

mem[X,0x0080000000000124] -> 0x5393
mem[X,0x0080000000000126] -> 0x0073
[78] [M]: 0x0080000000000124 (0x00735393) srli t2, t1, 0x7
x7 <- 0x00000000003FBB6F

mem[X,0x0080000000000128] -> 0x5793
mem[X,0x008000000000012A] -> 0x0393
[79] [M]: 0x0080000000000128 (0x03935793) srli a5, t1, 0x39
x15 <- 0x0000000000000000

mem[X,0x008000000000012C] -> 0xE3B3
mem[X,0x008000000000012E] -> 0x00F3
[80] [M]: 0x008000000000012C (0x00F3E3B3) or t2, t2, a5
x7 <- 0x00000000003FBB6F

mem[X,0x0080000000000130] -> 0xD413
mem[X,0x0080000000000132] -> 0x0073
[81] [M]: 0x0080000000000130 (0x0073D413) srli fp, t2, 0x7
x8 <- 0x0000000000007F76

mem[X,0x0080000000000134] -> 0xD793
mem[X,0x0080000000000136] -> 0x0393
[82] [M]: 0x0080000000000134 (0x0393D793) srli a5, t2, 0x39
x15 <- 0x0000000000000000

mem[X,0x0080000000000138] -> 0x6433
mem[X,0x008000000000013A] -> 0x00F4
[83] [M]: 0x0080000000000138 (0x00F46433) or fp, fp, a5
x8 <- 0x0000000000007F76

mem[X,0x008000000000013C] -> 0x5493
mem[X,0x008000000000013E] -> 0x0074
[84] [M]: 0x008000000000013C (0x00745493) srli s1, fp, 0x7
x9 <- 0x00000000000000FE

mem[X,0x0080000000000140] -> 0x5793
mem[X,0x0080000000000142] -> 0x0394
[85] [M]: 0x0080000000000140 (0x03945793) srli a5, fp, 0x39
x15 <- 0x0000000000000000

mem[X,0x0080000000000144] -> 0xE4B3
mem[X,0x0080000000000146] -> 0x00F4
[86] [M]: 0x0080000000000144 (0x00F4E4B3) or s1, s1, a5
x9 <- 0x00000000000000FE

mem[X,0x0080000000000148] -> 0xD513
mem[X,0x008000000000014A] -> 0x0074
[87] [M]: 0x0080000000000148 (0x0074D513) srli a0, s1, 0x7
x10 <- 0x0000000000000001

mem[X,0x008000000000014C] -> 0xD793
mem[X,0x008000000000014E] -> 0x0394
[88] [M]: 0x008000000000014C (0x0394D793) srli a5, s1, 0x39
x15 <- 0x0000000000000000

mem[X,0x0080000000000150] -> 0x6533
mem[X,0x0080000000000152] -> 0x00F5
[89] [M]: 0x0080000000000150 (0x00F56533) or a0, a0, a5
x10 <- 0x0000000000000001

mem[X,0x0080000000000154] -> 0x5593
mem[X,0x0080000000000156] -> 0x0075
[90] [M]: 0x0080000000000154 (0x00755593) srli a1, a0, 0x7
x11 <- 0x0000000000000000

mem[X,0x0080000000000158] -> 0x5793
mem[X,0x008000000000015A] -> 0x0395
[91] [M]: 0x0080000000000158 (0x03955793) srli a5, a0, 0x39
x15 <- 0x0000000000000000

mem[X,0x008000000000015C] -> 0xE5B3
mem[X,0x008000000000015E] -> 0x00F5
[92] [M]: 0x008000000000015C (0x00F5E5B3) or a1, a1, a5
x11 <- 0x0000000000000000

mem[X,0x0080000000000160] -> 0xD613
mem[X,0x0080000000000162] -> 0x0075
[93] [M]: 0x0080000000000160 (0x0075D613) srli a2, a1, 0x7
x12 <- 0x0000000000000000

mem[X,0x0080000000000164] -> 0xD793
mem[X,0x0080000000000166] -> 0x0395
[94] [M]: 0x0080000000000164 (0x0395D793) srli a5, a1, 0x39
x15 <- 0x0000000000000000

mem[X,0x0080000000000168] -> 0x6633
mem[X,0x008000000000016A] -> 0x00F6
[95] [M]: 0x0080000000000168 (0x00F66633) or a2, a2, a5
x12 <- 0x0000000000000000

mem[X,0x008000000000016C] -> 0x5693
mem[X,0x008000000000016E] -> 0x0076
[96] [M]: 0x008000000000016C (0x00765693) srli a3, a2, 0x7
x13 <- 0x0000000000000000

mem[X,0x0080000000000170] -> 0x5793
mem[X,0x0080000000000172] -> 0x0396
[97] [M]: 0x0080000000000170 (0x03965793) srli a5, a2, 0x39
x15 <- 0x0000000000000000

mem[X,0x0080000000000174] -> 0xE6B3
mem[X,0x0080000000000176] -> 0x00F6
[98] [M]: 0x0080000000000174 (0x00F6E6B3) or a3, a3, a5
x13 <- 0x0000000000000000

mem[X,0x0080000000000178] -> 0x0013
mem[X,0x008000000000017A] -> 0x0000
[99] [M]: 0x0080000000000178 (0x00000013) addi zero, zero, 0x0

clint::tick mtime <- 0x0000000000000001
 clint timer pending at mtime 0x0000000000000001
htif::tick 0x0000000000000000
mem[X,0x008000000000017C] -> 0x0013
mem[X,0x008000000000017E] -> 0x0000
[100] [M]: 0x008000000000017C (0x00000013) addi zero, zero, 0x0

mem[X,0x0080000000000180] -> 0x3097
mem[X,0x0080000000000182] -> 0x0000
[101] [M]: 0x0080000000000180 (0x00003097) auipc ra, 0x3
x1 <- 0x0080000000003180

mem[X,0x0080000000000184] -> 0x8093
mem[X,0x0080000000000186] -> 0xF980
[102] [M]: 0x0080000000000184 (0xF9808093) addi ra, ra, -0x68
x1 <- 0x0080000000003118

mem[X,0x0080000000000188] -> 0x0013
mem[X,0x008000000000018A] -> 0x0000
[103] [M]: 0x0080000000000188 (0x00000013) addi zero, zero, 0x0

mem[X,0x008000000000018C] -> 0x0013
mem[X,0x008000000000018E] -> 0x0000
[104] [M]: 0x008000000000018C (0x00000013) addi zero, zero, 0x0

mem[X,0x0080000000000190] -> 0x0013
mem[X,0x0080000000000192] -> 0x0000
[105] [M]: 0x0080000000000190 (0x00000013) addi zero, zero, 0x0

mem[X,0x0080000000000194] -> 0x0013
mem[X,0x0080000000000196] -> 0x0000
[106] [M]: 0x0080000000000194 (0x00000013) addi zero, zero, 0x0

mem[X,0x0080000000000198] -> 0x0013
mem[X,0x008000000000019A] -> 0x0000
[107] [M]: 0x0080000000000198 (0x00000013) addi zero, zero, 0x0

mem[X,0x008000000000019C] -> 0x0013
mem[X,0x008000000000019E] -> 0x0000
[108] [M]: 0x008000000000019C (0x00000013) addi zero, zero, 0x0

mem[X,0x00800000000001A0] -> 0x0FB7
mem[X,0x00800000000001A2] -> 0x0000
[109] [M]: 0x00800000000001A0 (0x00000FB7) lui t6, 0x0
x31 <- 0x0000000000000000

mem[X,0x00800000000001A4] -> 0x8F93
mem[X,0x00800000000001A6] -> 0xFFFF
[110] [M]: 0x00800000000001A4 (0xFFFF8F93) addi t6, t6, -0x1
x31 <- 0xFFFFFFFFFFFFFFFF

mem[X,0x00800000000001A8] -> 0x9F93
mem[X,0x00800000000001AA] -> 0x00BF
[111] [M]: 0x00800000000001A8 (0x00BF9F93) slli t6, t6, 0xb
x31 <- 0xFFFFFFFFFFFFF800

mem[X,0x00800000000001AC] -> 0x8F93
mem[X,0x00800000000001AE] -> 0x257F
[112] [M]: 0x00800000000001AC (0x257F8F93) addi t6, t6, 0x257
x31 <- 0xFFFFFFFFFFFFFA57

mem[X,0x00800000000001B0] -> 0x9F93
mem[X,0x00800000000001B2] -> 0x00BF
[113] [M]: 0x00800000000001B0 (0x00BF9F93) slli t6, t6, 0xb
x31 <- 0xFFFFFFFFFFD2B800

mem[X,0x00800000000001B4] -> 0x8F93
mem[X,0x00800000000001B6] -> 0x6C3F
[114] [M]: 0x00800000000001B4 (0x6C3F8F93) addi t6, t6, 0x6c3
x31 <- 0xFFFFFFFFFFD2BEC3

mem[X,0x00800000000001B8] -> 0x9F93
mem[X,0x00800000000001BA] -> 0x00AF
[115] [M]: 0x00800000000001B8 (0x00AF9F93) slli t6, t6, 0xa
x31 <- 0xFFFFFFFF4AFB0C00

mem[X,0x00800000000001BC] -> 0x8F93
mem[X,0x00800000000001BE] -> 0x0CEF
[116] [M]: 0x00800000000001BC (0x0CEF8F93) addi t6, t6, 0xce
x31 <- 0xFFFFFFFF4AFB0CCE

mem[X,0x00800000000001C0] -> 0x0FB7
mem[X,0x00800000000001C2] -> 0x0000
[117] [M]: 0x00800000000001C0 (0x00000FB7) lui t6, 0x0
x31 <- 0x0000000000000000

mem[X,0x00800000000001C4] -> 0x8F93
mem[X,0x00800000000001C6] -> 0xFFFF
[118] [M]: 0x00800000000001C4 (0xFFFF8F93) addi t6, t6, -0x1
x31 <- 0xFFFFFFFFFFFFFFFF

mem[X,0x00800000000001C8] -> 0x9F93
mem[X,0x00800000000001CA] -> 0x00BF
[119] [M]: 0x00800000000001C8 (0x00BF9F93) slli t6, t6, 0xb
x31 <- 0xFFFFFFFFFFFFF800

mem[X,0x00800000000001CC] -> 0x8F93
mem[X,0x00800000000001CE] -> 0x257F
[120] [M]: 0x00800000000001CC (0x257F8F93) addi t6, t6, 0x257
x31 <- 0xFFFFFFFFFFFFFA57

mem[X,0x00800000000001D0] -> 0x9F93
mem[X,0x00800000000001D2] -> 0x00BF
[121] [M]: 0x00800000000001D0 (0x00BF9F93) slli t6, t6, 0xb
x31 <- 0xFFFFFFFFFFD2B800

mem[X,0x00800000000001D4] -> 0x8F93
mem[X,0x00800000000001D6] -> 0x6C3F
[122] [M]: 0x00800000000001D4 (0x6C3F8F93) addi t6, t6, 0x6c3
x31 <- 0xFFFFFFFFFFD2BEC3

mem[X,0x00800000000001D8] -> 0x9F93
mem[X,0x00800000000001DA] -> 0x00AF
[123] [M]: 0x00800000000001D8 (0x00AF9F93) slli t6, t6, 0xa
x31 <- 0xFFFFFFFF4AFB0C00

mem[X,0x00800000000001DC] -> 0x8F93
mem[X,0x00800000000001DE] -> 0x0CEF
[124] [M]: 0x00800000000001DC (0x0CEF8F93) addi t6, t6, 0xce
x31 <- 0xFFFFFFFF4AFB0CCE

mem[X,0x00800000000001E0] -> 0xDFBB
mem[X,0x00800000000001E2] -> 0x41FF
[125] [M]: 0x00800000000001E0 (0x41FFDFBB) sraw t6, t6, t6
x31 <- 0x0000000000012BEC

mem[X,0x00800000000001E4] -> 0xB023
mem[X,0x00800000000001E6] -> 0x01F0
[126] [M]: 0x00800000000001E4 (0x01F0B023) sd t6, 0x0(ra)
mem[0x0080000000003118] <- 0x0000000000012BEC

mem[X,0x00800000000001E8] -> 0x0EB7
mem[X,0x00800000000001EA] -> 0x0000
[127] [M]: 0x00800000000001E8 (0x00000EB7) lui t4, 0x0
x29 <- 0x0000000000000000

mem[X,0x00800000000001EC] -> 0x8E93
mem[X,0x00800000000001EE] -> 0xFFFE
[128] [M]: 0x00800000000001EC (0xFFFE8E93) addi t4, t4, -0x1
x29 <- 0xFFFFFFFFFFFFFFFF

mem[X,0x00800000000001F0] -> 0x9E93
mem[X,0x00800000000001F2] -> 0x00BE
[129] [M]: 0x00800000000001F0 (0x00BE9E93) slli t4, t4, 0xb
x29 <- 0xFFFFFFFFFFFFF800

mem[X,0x00800000000001F4] -> 0x8E93
mem[X,0x00800000000001F6] -> 0x257E
[130] [M]: 0x00800000000001F4 (0x257E8E93) addi t4, t4, 0x257
x29 <- 0xFFFFFFFFFFFFFA57

mem[X,0x00800000000001F8] -> 0x9E93
mem[X,0x00800000000001FA] -> 0x00BE
[131] [M]: 0x00800000000001F8 (0x00BE9E93) slli t4, t4, 0xb
x29 <- 0xFFFFFFFFFFD2B800

mem[X,0x00800000000001FC] -> 0x8E93
mem[X,0x00800000000001FE] -> 0x6C3E
[132] [M]: 0x00800000000001FC (0x6C3E8E93) addi t4, t4, 0x6c3
x29 <- 0xFFFFFFFFFFD2BEC3

mem[X,0x0080000000000200] -> 0x9E93
mem[X,0x0080000000000202] -> 0x00AE
[133] [M]: 0x0080000000000200 (0x00AE9E93) slli t4, t4, 0xa
x29 <- 0xFFFFFFFF4AFB0C00

mem[X,0x0080000000000204] -> 0x8E93
mem[X,0x0080000000000206] -> 0x0CEE
[134] [M]: 0x0080000000000204 (0x0CEE8E93) addi t4, t4, 0xce
x29 <- 0xFFFFFFFF4AFB0CCE

mem[X,0x0080000000000208] -> 0x0F13
mem[X,0x008000000000020A] -> 0x01F0
[135] [M]: 0x0080000000000208 (0x01F00F13) addi t5, zero, 0x1f
x30 <- 0x000000000000001F

mem[X,0x008000000000020C] -> 0xDF3B
mem[X,0x008000000000020E] -> 0x41EE
[136] [M]: 0x008000000000020C (0x41EEDF3B) sraw t5, t4, t5
x30 <- 0x0000000000000000

mem[X,0x0080000000000210] -> 0xB423
mem[X,0x0080000000000212] -> 0x01E0
[137] [M]: 0x0080000000000210 (0x01E0B423) sd t5, 0x8(ra)
mem[0x0080000000003120] <- 0x0000000000000000

mem[X,0x0080000000000214] -> 0x0E13
mem[X,0x0080000000000216] -> 0xFFF0
[138] [M]: 0x0080000000000214 (0xFFF00E13) addi t3, zero, -0x1
x28 <- 0xFFFFFFFFFFFFFFFF

mem[X,0x0080000000000218] -> 0x1E13
mem[X,0x008000000000021A] -> 0x03FE
[139] [M]: 0x0080000000000218 (0x03FE1E13) slli t3, t3, 0x3f
x28 <- 0x8000000000000000

mem[X,0x008000000000021C] -> 0x0E93
mem[X,0x008000000000021E] -> 0x01F0
[140] [M]: 0x008000000000021C (0x01F00E93) addi t4, zero, 0x1f
x29 <- 0x000000000000001F

mem[X,0x0080000000000220] -> 0x5E3B
mem[X,0x0080000000000222] -> 0x41DE
[141] [M]: 0x0080000000000220 (0x41DE5E3B) sraw t3, t3, t4
x28 <- 0x0000000000000000

mem[X,0x0080000000000224] -> 0xB823
mem[X,0x0080000000000226] -> 0x01C0
[142] [M]: 0x0080000000000224 (0x01C0B823) sd t3, 0x10(ra)
mem[0x0080000000003128] <- 0x0000000000000000

mem[X,0x0080000000000228] -> 0x0F13
mem[X,0x008000000000022A] -> 0xFFF0
[143] [M]: 0x0080000000000228 (0xFFF00F13) addi t5, zero, -0x1
x30 <- 0xFFFFFFFFFFFFFFFF

mem[X,0x008000000000022C] -> 0x5F13
mem[X,0x008000000000022E] -> 0x001F
[144] [M]: 0x008000000000022C (0x001F5F13) srli t5, t5, 0x1
x30 <- 0x7FFFFFFFFFFFFFFF

mem[X,0x0080000000000230] -> 0x0E13
mem[X,0x0080000000000232] -> 0x01F0
[145] [M]: 0x0080000000000230 (0x01F00E13) addi t3, zero, 0x1f
x28 <- 0x000000000000001F

mem[X,0x0080000000000234] -> 0x5EBB
mem[X,0x0080000000000236] -> 0x41CF
[146] [M]: 0x0080000000000234 (0x41CF5EBB) sraw t4, t5, t3
x29 <- 0xFFFFFFFFFFFFFFFF

mem[X,0x0080000000000238] -> 0xBC23
mem[X,0x008000000000023A] -> 0x01D0
[147] [M]: 0x0080000000000238 (0x01D0BC23) sd t4, 0x18(ra)
mem[0x0080000000003130] <- 0xFFFFFFFFFFFFFFFF

mem[X,0x008000000000023C] -> 0x0D13
mem[X,0x008000000000023E] -> 0x0000
[148] [M]: 0x008000000000023C (0x00000D13) addi s10, zero, 0x0
x26 <- 0x0000000000000000

mem[X,0x0080000000000240] -> 0x0D13
mem[X,0x0080000000000242] -> 0x0000
[149] [M]: 0x0080000000000240 (0x00000D13) addi s10, zero, 0x0
x26 <- 0x0000000000000000

mem[X,0x0080000000000244] -> 0x5DBB
mem[X,0x0080000000000246] -> 0x41AD
[150] [M]: 0x0080000000000244 (0x41AD5DBB) sraw s11, s10, s10
x27 <- 0x0000000000000000

mem[X,0x0080000000000248] -> 0xB023
mem[X,0x008000000000024A] -> 0x03B0
[151] [M]: 0x0080000000000248 (0x03B0B023) sd s11, 0x20(ra)
mem[0x0080000000003138] <- 0x0000000000000000

mem[X,0x008000000000024C] -> 0x0D93
mem[X,0x008000000000024E] -> 0x0010
[152] [M]: 0x008000000000024C (0x00100D93) addi s11, zero, 0x1
x27 <- 0x0000000000000001

mem[X,0x0080000000000250] -> 0x0C93
mem[X,0x0080000000000252] -> 0x01F0
[153] [M]: 0x0080000000000250 (0x01F00C93) addi s9, zero, 0x1f
x25 <- 0x000000000000001F

mem[X,0x0080000000000254] -> 0xDD3B
mem[X,0x0080000000000256] -> 0x419D
[154] [M]: 0x0080000000000254 (0x419DDD3B) sraw s10, s11, s9
x26 <- 0x0000000000000000

mem[X,0x0080000000000258] -> 0xB423
mem[X,0x008000000000025A] -> 0x03A0
[155] [M]: 0x0080000000000258 (0x03A0B423) sd s10, 0x28(ra)
mem[0x0080000000003140] <- 0x0000000000000000

mem[X,0x008000000000025C] -> 0x0C13
mem[X,0x008000000000025E] -> 0x0100
[156] [M]: 0x008000000000025C (0x01000C13) addi s8, zero, 0x10
x24 <- 0x0000000000000010

mem[X,0x0080000000000260] -> 0x0D93
mem[X,0x0080000000000262] -> 0x0100
[157] [M]: 0x0080000000000260 (0x01000D93) addi s11, zero, 0x10
x27 <- 0x0000000000000010

mem[X,0x0080000000000264] -> 0x5CBB
mem[X,0x0080000000000266] -> 0x41BC
[158] [M]: 0x0080000000000264 (0x41BC5CBB) sraw s9, s8, s11
x25 <- 0x0000000000000000

mem[X,0x0080000000000268] -> 0xB823
mem[X,0x008000000000026A] -> 0x0390
[159] [M]: 0x0080000000000268 (0x0390B823) sd s9, 0x30(ra)
mem[0x0080000000003148] <- 0x0000000000000000

mem[X,0x008000000000026C] -> 0x0CB7
mem[X,0x008000000000026E] -> 0x0000
[160] [M]: 0x008000000000026C (0x00000CB7) lui s9, 0x0
x25 <- 0x0000000000000000

mem[X,0x0080000000000270] -> 0x8C93
mem[X,0x0080000000000272] -> 0x000C
[161] [M]: 0x0080000000000270 (0x000C8C93) addi s9, s9, 0x0
x25 <- 0x0000000000000000

mem[X,0x0080000000000274] -> 0x9C93
mem[X,0x0080000000000276] -> 0x00BC
[162] [M]: 0x0080000000000274 (0x00BC9C93) slli s9, s9, 0xb
x25 <- 0x0000000000000000

mem[X,0x0080000000000278] -> 0x8C93
mem[X,0x008000000000027A] -> 0x5A8C
[163] [M]: 0x0080000000000278 (0x5A8C8C93) addi s9, s9, 0x5a8
x25 <- 0x00000000000005A8

mem[X,0x008000000000027C] -> 0x9C93
mem[X,0x008000000000027E] -> 0x00BC
[164] [M]: 0x008000000000027C (0x00BC9C93) slli s9, s9, 0xb
x25 <- 0x00000000002D4000

mem[X,0x0080000000000280] -> 0x8C93
mem[X,0x0080000000000282] -> 0x13CC
[165] [M]: 0x0080000000000280 (0x13CC8C93) addi s9, s9, 0x13c
x25 <- 0x00000000002D413C

mem[X,0x0080000000000284] -> 0x9C93
mem[X,0x0080000000000286] -> 0x00AC
[166] [M]: 0x0080000000000284 (0x00AC9C93) slli s9, s9, 0xa
x25 <- 0x00000000B504F000

mem[X,0x0080000000000288] -> 0x8C93
mem[X,0x008000000000028A] -> 0x334C
[167] [M]: 0x0080000000000288 (0x334C8C93) addi s9, s9, 0x334
x25 <- 0x00000000B504F334

mem[X,0x008000000000028C] -> 0x0B93
mem[X,0x008000000000028E] -> 0x0000
[168] [M]: 0x008000000000028C (0x00000B93) addi s7, zero, 0x0
x23 <- 0x0000000000000000

mem[X,0x0080000000000290] -> 0xDC3B
mem[X,0x0080000000000292] -> 0x417C
[169] [M]: 0x0080000000000290 (0x417CDC3B) sraw s8, s9, s7
x24 <- 0xFFFFFFFFB504F334

mem[X,0x0080000000000294] -> 0xBC23
mem[X,0x0080000000000296] -> 0x0380
[170] [M]: 0x0080000000000294 (0x0380BC23) sd s8, 0x38(ra)
mem[0x0080000000003150] <- 0xFFFFFFFFB504F334

mem[X,0x0080000000000298] -> 0x0B13
mem[X,0x008000000000029A] -> 0x0000
[171] [M]: 0x0080000000000298 (0x00000B13) addi s6, zero, 0x0
x22 <- 0x0000000000000000

mem[X,0x008000000000029C] -> 0x0C13
mem[X,0x008000000000029E] -> 0x0000
[172] [M]: 0x008000000000029C (0x00000C13) addi s8, zero, 0x0
x24 <- 0x0000000000000000

mem[X,0x00800000000002A0] -> 0x5BBB
mem[X,0x00800000000002A2] -> 0x418B
[173] [M]: 0x00800000000002A0 (0x418B5BBB) sraw s7, s6, s8
x23 <- 0x0000000000000000

mem[X,0x00800000000002A4] -> 0xB023
mem[X,0x00800000000002A6] -> 0x0570
[174] [M]: 0x00800000000002A4 (0x0570B023) sd s7, 0x40(ra)
mem[0x0080000000003158] <- 0x0000000000000000

mem[X,0x00800000000002A8] -> 0x0B93
mem[X,0x00800000000002AA] -> 0x0000
[175] [M]: 0x00800000000002A8 (0x00000B93) addi s7, zero, 0x0
x23 <- 0x0000000000000000

mem[X,0x00800000000002AC] -> 0x0A93
mem[X,0x00800000000002AE] -> 0x0000
[176] [M]: 0x00800000000002AC (0x00000A93) addi s5, zero, 0x0
x21 <- 0x0000000000000000

mem[X,0x00800000000002B0] -> 0xDB3B
mem[X,0x00800000000002B2] -> 0x415B
[177] [M]: 0x00800000000002B0 (0x415BDB3B) sraw s6, s7, s5
x22 <- 0x0000000000000000

mem[X,0x00800000000002B4] -> 0xB423
mem[X,0x00800000000002B6] -> 0x0560
[178] [M]: 0x00800000000002B4 (0x0560B423) sd s6, 0x48(ra)
mem[0x0080000000003160] <- 0x0000000000000000

mem[X,0x00800000000002B8] -> 0x0A13
mem[X,0x00800000000002BA] -> 0x0000
[179] [M]: 0x00800000000002B8 (0x00000A13) addi s4, zero, 0x0
x20 <- 0x0000000000000000

mem[X,0x00800000000002BC] -> 0x0B13
mem[X,0x00800000000002BE] -> 0x0000
[180] [M]: 0x00800000000002BC (0x00000B13) addi s6, zero, 0x0
x22 <- 0x0000000000000000

mem[X,0x00800000000002C0] -> 0x5ABB
mem[X,0x00800000000002C2] -> 0x416A
[181] [M]: 0x00800000000002C0 (0x416A5ABB) sraw s5, s4, s6
x21 <- 0x0000000000000000

mem[X,0x00800000000002C4] -> 0xB823
mem[X,0x00800000000002C6] -> 0x0550
[182] [M]: 0x00800000000002C4 (0x0550B823) sd s5, 0x50(ra)
mem[0x0080000000003168] <- 0x0000000000000000

mem[X,0x00800000000002C8] -> 0x0A93
mem[X,0x00800000000002CA] -> 0x0000
[183] [M]: 0x00800000000002C8 (0x00000A93) addi s5, zero, 0x0
x21 <- 0x0000000000000000

mem[X,0x00800000000002CC] -> 0x0993
mem[X,0x00800000000002CE] -> 0x0000
[184] [M]: 0x00800000000002CC (0x00000993) addi s3, zero, 0x0
x19 <- 0x0000000000000000

mem[X,0x00800000000002D0] -> 0xDA3B
mem[X,0x00800000000002D2] -> 0x413A
[185] [M]: 0x00800000000002D0 (0x413ADA3B) sraw s4, s5, s3
x20 <- 0x0000000000000000

mem[X,0x00800000000002D4] -> 0xBC23
mem[X,0x00800000000002D6] -> 0x0540
[186] [M]: 0x00800000000002D4 (0x0540BC23) sd s4, 0x58(ra)
mem[0x0080000000003170] <- 0x0000000000000000

mem[X,0x00800000000002D8] -> 0x0913
mem[X,0x00800000000002DA] -> 0x0000
[187] [M]: 0x00800000000002D8 (0x00000913) addi s2, zero, 0x0
x18 <- 0x0000000000000000

mem[X,0x00800000000002DC] -> 0x0A13
mem[X,0x00800000000002DE] -> 0x0000
[188] [M]: 0x00800000000002DC (0x00000A13) addi s4, zero, 0x0
x20 <- 0x0000000000000000

mem[X,0x00800000000002E0] -> 0x59BB
mem[X,0x00800000000002E2] -> 0x4149
[189] [M]: 0x00800000000002E0 (0x414959BB) sraw s3, s2, s4
x19 <- 0x0000000000000000

mem[X,0x00800000000002E4] -> 0xB023
mem[X,0x00800000000002E6] -> 0x0730
[190] [M]: 0x00800000000002E4 (0x0730B023) sd s3, 0x60(ra)
mem[0x0080000000003178] <- 0x0000000000000000

mem[X,0x00800000000002E8] -> 0x0993
mem[X,0x00800000000002EA] -> 0x0000
[191] [M]: 0x00800000000002E8 (0x00000993) addi s3, zero, 0x0
x19 <- 0x0000000000000000

mem[X,0x00800000000002EC] -> 0x0893
mem[X,0x00800000000002EE] -> 0x0000
[192] [M]: 0x00800000000002EC (0x00000893) addi a7, zero, 0x0
x17 <- 0x0000000000000000

mem[X,0x00800000000002F0] -> 0xD93B
mem[X,0x00800000000002F2] -> 0x4119
[193] [M]: 0x00800000000002F0 (0x4119D93B) sraw s2, s3, a7
x18 <- 0x0000000000000000

mem[X,0x00800000000002F4] -> 0xB423
mem[X,0x00800000000002F6] -> 0x0720
[194] [M]: 0x00800000000002F4 (0x0720B423) sd s2, 0x68(ra)
mem[0x0080000000003180] <- 0x0000000000000000

mem[X,0x00800000000002F8] -> 0x0813
mem[X,0x00800000000002FA] -> 0x0000
[195] [M]: 0x00800000000002F8 (0x00000813) addi a6, zero, 0x0
x16 <- 0x0000000000000000

mem[X,0x00800000000002FC] -> 0x0913
mem[X,0x00800000000002FE] -> 0x0000
[196] [M]: 0x00800000000002FC (0x00000913) addi s2, zero, 0x0
x18 <- 0x0000000000000000

mem[X,0x0080000000000300] -> 0x58BB
mem[X,0x0080000000000302] -> 0x4128
[197] [M]: 0x0080000000000300 (0x412858BB) sraw a7, a6, s2
x17 <- 0x0000000000000000

mem[X,0x0080000000000304] -> 0xB823
mem[X,0x0080000000000306] -> 0x0710
[198] [M]: 0x0080000000000304 (0x0710B823) sd a7, 0x70(ra)
mem[0x0080000000003188] <- 0x0000000000000000

mem[X,0x0080000000000308] -> 0x0893
mem[X,0x008000000000030A] -> 0x0000
[199] [M]: 0x0080000000000308 (0x00000893) addi a7, zero, 0x0
x17 <- 0x0000000000000000

clint::tick mtime <- 0x0000000000000002
 clint timer pending at mtime 0x0000000000000002
htif::tick 0x0000000000000000
mem[X,0x008000000000030C] -> 0x0793
mem[X,0x008000000000030E] -> 0x0000
[200] [M]: 0x008000000000030C (0x00000793) addi a5, zero, 0x0
x15 <- 0x0000000000000000

mem[X,0x0080000000000310] -> 0xD83B
mem[X,0x0080000000000312] -> 0x40F8
[201] [M]: 0x0080000000000310 (0x40F8D83B) sraw a6, a7, a5
x16 <- 0x0000000000000000

mem[X,0x0080000000000314] -> 0xBC23
mem[X,0x0080000000000316] -> 0x0700
[202] [M]: 0x0080000000000314 (0x0700BC23) sd a6, 0x78(ra)
mem[0x0080000000003190] <- 0x0000000000000000

mem[X,0x0080000000000318] -> 0x0713
mem[X,0x008000000000031A] -> 0x0000
[203] [M]: 0x0080000000000318 (0x00000713) addi a4, zero, 0x0
x14 <- 0x0000000000000000

mem[X,0x008000000000031C] -> 0x0813
mem[X,0x008000000000031E] -> 0x0000
[204] [M]: 0x008000000000031C (0x00000813) addi a6, zero, 0x0
x16 <- 0x0000000000000000

mem[X,0x0080000000000320] -> 0x57BB
mem[X,0x0080000000000322] -> 0x4107
[205] [M]: 0x0080000000000320 (0x410757BB) sraw a5, a4, a6
x15 <- 0x0000000000000000

mem[X,0x0080000000000324] -> 0xB023
mem[X,0x0080000000000326] -> 0x08F0
[206] [M]: 0x0080000000000324 (0x08F0B023) sd a5, 0x80(ra)
mem[0x0080000000003198] <- 0x0000000000000000

mem[X,0x0080000000000328] -> 0x0793
mem[X,0x008000000000032A] -> 0x0000
[207] [M]: 0x0080000000000328 (0x00000793) addi a5, zero, 0x0
x15 <- 0x0000000000000000

mem[X,0x008000000000032C] -> 0x0693
mem[X,0x008000000000032E] -> 0x0000
[208] [M]: 0x008000000000032C (0x00000693) addi a3, zero, 0x0
x13 <- 0x0000000000000000

mem[X,0x0080000000000330] -> 0xD73B
mem[X,0x0080000000000332] -> 0x40D7
[209] [M]: 0x0080000000000330 (0x40D7D73B) sraw a4, a5, a3
x14 <- 0x0000000000000000

mem[X,0x0080000000000334] -> 0xB423
mem[X,0x0080000000000336] -> 0x08E0
[210] [M]: 0x0080000000000334 (0x08E0B423) sd a4, 0x88(ra)
mem[0x00800000000031A0] <- 0x0000000000000000

mem[X,0x0080000000000338] -> 0x0613
mem[X,0x008000000000033A] -> 0x0000
[211] [M]: 0x0080000000000338 (0x00000613) addi a2, zero, 0x0
x12 <- 0x0000000000000000

mem[X,0x008000000000033C] -> 0x0713
mem[X,0x008000000000033E] -> 0x0000
[212] [M]: 0x008000000000033C (0x00000713) addi a4, zero, 0x0
x14 <- 0x0000000000000000

mem[X,0x0080000000000340] -> 0x56BB
mem[X,0x0080000000000342] -> 0x40E6
[213] [M]: 0x0080000000000340 (0x40E656BB) sraw a3, a2, a4
x13 <- 0x0000000000000000

mem[X,0x0080000000000344] -> 0xB823
mem[X,0x0080000000000346] -> 0x08D0
[214] [M]: 0x0080000000000344 (0x08D0B823) sd a3, 0x90(ra)
mem[0x00800000000031A8] <- 0x0000000000000000

mem[X,0x0080000000000348] -> 0x0693
mem[X,0x008000000000034A] -> 0x0000
[215] [M]: 0x0080000000000348 (0x00000693) addi a3, zero, 0x0
x13 <- 0x0000000000000000

mem[X,0x008000000000034C] -> 0x0593
mem[X,0x008000000000034E] -> 0x0000
[216] [M]: 0x008000000000034C (0x00000593) addi a1, zero, 0x0
x11 <- 0x0000000000000000

mem[X,0x0080000000000350] -> 0xD63B
mem[X,0x0080000000000352] -> 0x40B6
[217] [M]: 0x0080000000000350 (0x40B6D63B) sraw a2, a3, a1
x12 <- 0x0000000000000000

mem[X,0x0080000000000354] -> 0xBC23
mem[X,0x0080000000000356] -> 0x08C0
[218] [M]: 0x0080000000000354 (0x08C0BC23) sd a2, 0x98(ra)
mem[0x00800000000031B0] <- 0x0000000000000000

mem[X,0x0080000000000358] -> 0x0513
mem[X,0x008000000000035A] -> 0x0000
[219] [M]: 0x0080000000000358 (0x00000513) addi a0, zero, 0x0
x10 <- 0x0000000000000000

mem[X,0x008000000000035C] -> 0x0613
mem[X,0x008000000000035E] -> 0x0000
[220] [M]: 0x008000000000035C (0x00000613) addi a2, zero, 0x0
x12 <- 0x0000000000000000

mem[X,0x0080000000000360] -> 0x55BB
mem[X,0x0080000000000362] -> 0x40C5
[221] [M]: 0x0080000000000360 (0x40C555BB) sraw a1, a0, a2
x11 <- 0x0000000000000000

mem[X,0x0080000000000364] -> 0xB023
mem[X,0x0080000000000366] -> 0x0AB0
[222] [M]: 0x0080000000000364 (0x0AB0B023) sd a1, 0xa0(ra)
mem[0x00800000000031B8] <- 0x0000000000000000

mem[X,0x0080000000000368] -> 0x0593
mem[X,0x008000000000036A] -> 0x0000
[223] [M]: 0x0080000000000368 (0x00000593) addi a1, zero, 0x0
x11 <- 0x0000000000000000

mem[X,0x008000000000036C] -> 0x0493
mem[X,0x008000000000036E] -> 0x0000
[224] [M]: 0x008000000000036C (0x00000493) addi s1, zero, 0x0
x9 <- 0x0000000000000000

mem[X,0x0080000000000370] -> 0xD53B
mem[X,0x0080000000000372] -> 0x4095
[225] [M]: 0x0080000000000370 (0x4095D53B) sraw a0, a1, s1
x10 <- 0x0000000000000000

mem[X,0x0080000000000374] -> 0xB423
mem[X,0x0080000000000376] -> 0x0AA0
[226] [M]: 0x0080000000000374 (0x0AA0B423) sd a0, 0xa8(ra)
mem[0x00800000000031C0] <- 0x0000000000000000

mem[X,0x0080000000000378] -> 0x0413
mem[X,0x008000000000037A] -> 0x0000
[227] [M]: 0x0080000000000378 (0x00000413) addi fp, zero, 0x0
x8 <- 0x0000000000000000

mem[X,0x008000000000037C] -> 0x0513
mem[X,0x008000000000037E] -> 0x0000
[228] [M]: 0x008000000000037C (0x00000513) addi a0, zero, 0x0
x10 <- 0x0000000000000000

mem[X,0x0080000000000380] -> 0x54BB
mem[X,0x0080000000000382] -> 0x40A4
[229] [M]: 0x0080000000000380 (0x40A454BB) sraw s1, fp, a0
x9 <- 0x0000000000000000

mem[X,0x0080000000000384] -> 0xB823
mem[X,0x0080000000000386] -> 0x0A90
[230] [M]: 0x0080000000000384 (0x0A90B823) sd s1, 0xb0(ra)
mem[0x00800000000031C8] <- 0x0000000000000000

mem[X,0x0080000000000388] -> 0x0493
mem[X,0x008000000000038A] -> 0x0000
[231] [M]: 0x0080000000000388 (0x00000493) addi s1, zero, 0x0
x9 <- 0x0000000000000000

mem[X,0x008000000000038C] -> 0x0393
mem[X,0x008000000000038E] -> 0x0000
[232] [M]: 0x008000000000038C (0x00000393) addi t2, zero, 0x0
x7 <- 0x0000000000000000

mem[X,0x0080000000000390] -> 0xD43B
mem[X,0x0080000000000392] -> 0x4074
[233] [M]: 0x0080000000000390 (0x4074D43B) sraw fp, s1, t2
x8 <- 0x0000000000000000

mem[X,0x0080000000000394] -> 0xBC23
mem[X,0x0080000000000396] -> 0x0A80
[234] [M]: 0x0080000000000394 (0x0A80BC23) sd fp, 0xb8(ra)
mem[0x00800000000031D0] <- 0x0000000000000000

mem[X,0x0080000000000398] -> 0x0313
mem[X,0x008000000000039A] -> 0x0000
[235] [M]: 0x0080000000000398 (0x00000313) addi t1, zero, 0x0
x6 <- 0x0000000000000000

mem[X,0x008000000000039C] -> 0x0413
mem[X,0x008000000000039E] -> 0x0000
[236] [M]: 0x008000000000039C (0x00000413) addi fp, zero, 0x0
x8 <- 0x0000000000000000

mem[X,0x00800000000003A0] -> 0x53BB
mem[X,0x00800000000003A2] -> 0x4083
[237] [M]: 0x00800000000003A0 (0x408353BB) sraw t2, t1, fp
x7 <- 0x0000000000000000

mem[X,0x00800000000003A4] -> 0xB023
mem[X,0x00800000000003A6] -> 0x0C70
[238] [M]: 0x00800000000003A4 (0x0C70B023) sd t2, 0xc0(ra)
mem[0x00800000000031D8] <- 0x0000000000000000

mem[X,0x00800000000003A8] -> 0x0013
mem[X,0x00800000000003AA] -> 0x0000
[239] [M]: 0x00800000000003A8 (0x00000013) addi zero, zero, 0x0

mem[X,0x00800000000003AC] -> 0x0013
mem[X,0x00800000000003AE] -> 0x0000
[240] [M]: 0x00800000000003AC (0x00000013) addi zero, zero, 0x0

mem[X,0x00800000000003B0] -> 0x0013
mem[X,0x00800000000003B2] -> 0x0000
[241] [M]: 0x00800000000003B0 (0x00000013) addi zero, zero, 0x0

mem[X,0x00800000000003B4] -> 0x0013
mem[X,0x00800000000003B6] -> 0x0000
[242] [M]: 0x00800000000003B4 (0x00000013) addi zero, zero, 0x0

mem[X,0x00800000000003B8] -> 0x0013
mem[X,0x00800000000003BA] -> 0x0000
[243] [M]: 0x00800000000003B8 (0x00000013) addi zero, zero, 0x0

mem[X,0x00800000000003BC] -> 0x0013
mem[X,0x00800000000003BE] -> 0x0000
[244] [M]: 0x00800000000003BC (0x00000013) addi zero, zero, 0x0

mem[X,0x00800000000003C0] -> 0x3417
mem[X,0x00800000000003C2] -> 0x0000
[245] [M]: 0x00800000000003C0 (0x00003417) auipc fp, 0x3
x8 <- 0x00800000000033C0

mem[X,0x00800000000003C4] -> 0x0413
mem[X,0x00800000000003C6] -> 0xE204
[246] [M]: 0x00800000000003C4 (0xE2040413) addi fp, fp, -0x1e0
x8 <- 0x00800000000031E0

mem[X,0x00800000000003C8] -> 0x0013
mem[X,0x00800000000003CA] -> 0x0000
[247] [M]: 0x00800000000003C8 (0x00000013) addi zero, zero, 0x0

mem[X,0x00800000000003CC] -> 0x0013
mem[X,0x00800000000003CE] -> 0x0000
[248] [M]: 0x00800000000003CC (0x00000013) addi zero, zero, 0x0

mem[X,0x00800000000003D0] -> 0x0013
mem[X,0x00800000000003D2] -> 0x0000
[249] [M]: 0x00800000000003D0 (0x00000013) addi zero, zero, 0x0

mem[X,0x00800000000003D4] -> 0x0013
mem[X,0x00800000000003D6] -> 0x0000
[250] [M]: 0x00800000000003D4 (0x00000013) addi zero, zero, 0x0

mem[X,0x00800000000003D8] -> 0x0013
mem[X,0x00800000000003DA] -> 0x0000
[251] [M]: 0x00800000000003D8 (0x00000013) addi zero, zero, 0x0

mem[X,0x00800000000003DC] -> 0x0013
mem[X,0x00800000000003DE] -> 0x0000
[252] [M]: 0x00800000000003DC (0x00000013) addi zero, zero, 0x0

mem[X,0x00800000000003E0] -> 0x0393
mem[X,0x00800000000003E2] -> 0x0000
[253] [M]: 0x00800000000003E0 (0x00000393) addi t2, zero, 0x0
x7 <- 0x0000000000000000

mem[X,0x00800000000003E4] -> 0x0293
mem[X,0x00800000000003E6] -> 0x0000
[254] [M]: 0x00800000000003E4 (0x00000293) addi t0, zero, 0x0
x5 <- 0x0000000000000000

mem[X,0x00800000000003E8] -> 0xD33B
mem[X,0x00800000000003EA] -> 0x4053
[255] [M]: 0x00800000000003E8 (0x4053D33B) sraw t1, t2, t0
x6 <- 0x0000000000000000

mem[X,0x00800000000003EC] -> 0x3023
mem[X,0x00800000000003EE] -> 0x0064
[256] [M]: 0x00800000000003EC (0x00643023) sd t1, 0x0(fp)
mem[0x00800000000031E0] <- 0x0000000000000000

mem[X,0x00800000000003F0] -> 0x0213
mem[X,0x00800000000003F2] -> 0x0000
[257] [M]: 0x00800000000003F0 (0x00000213) addi tp, zero, 0x0
x4 <- 0x0000000000000000

mem[X,0x00800000000003F4] -> 0x0313
mem[X,0x00800000000003F6] -> 0x0000
[258] [M]: 0x00800000000003F4 (0x00000313) addi t1, zero, 0x0
x6 <- 0x0000000000000000

mem[X,0x00800000000003F8] -> 0x52BB
mem[X,0x00800000000003FA] -> 0x4062
[259] [M]: 0x00800000000003F8 (0x406252BB) sraw t0, tp, t1
x5 <- 0x0000000000000000

mem[X,0x00800000000003FC] -> 0x3423
mem[X,0x00800000000003FE] -> 0x0054
[260] [M]: 0x00800000000003FC (0x00543423) sd t0, 0x8(fp)
mem[0x00800000000031E8] <- 0x0000000000000000

mem[X,0x0080000000000400] -> 0x0293
mem[X,0x0080000000000402] -> 0x0000
[261] [M]: 0x0080000000000400 (0x00000293) addi t0, zero, 0x0
x5 <- 0x0000000000000000

mem[X,0x0080000000000404] -> 0x0193
mem[X,0x0080000000000406] -> 0x0000
[262] [M]: 0x0080000000000404 (0x00000193) addi gp, zero, 0x0
x3 <- 0x0000000000000000

mem[X,0x0080000000000408] -> 0xD23B
mem[X,0x008000000000040A] -> 0x4032
[263] [M]: 0x0080000000000408 (0x4032D23B) sraw tp, t0, gp
x4 <- 0x0000000000000000

mem[X,0x008000000000040C] -> 0x3823
mem[X,0x008000000000040E] -> 0x0044
[264] [M]: 0x008000000000040C (0x00443823) sd tp, 0x10(fp)
mem[0x00800000000031F0] <- 0x0000000000000000

mem[X,0x0080000000000410] -> 0x0113
mem[X,0x0080000000000412] -> 0x0000
[265] [M]: 0x0080000000000410 (0x00000113) addi sp, zero, 0x0
x2 <- 0x0000000000000000

mem[X,0x0080000000000414] -> 0x0213
mem[X,0x0080000000000416] -> 0x0000
[266] [M]: 0x0080000000000414 (0x00000213) addi tp, zero, 0x0
x4 <- 0x0000000000000000

mem[X,0x0080000000000418] -> 0x51BB
mem[X,0x008000000000041A] -> 0x4041
[267] [M]: 0x0080000000000418 (0x404151BB) sraw gp, sp, tp
x3 <- 0x0000000000000000

mem[X,0x008000000000041C] -> 0x3C23
mem[X,0x008000000000041E] -> 0x0034
[268] [M]: 0x008000000000041C (0x00343C23) sd gp, 0x18(fp)
mem[0x00800000000031F8] <- 0x0000000000000000

mem[X,0x0080000000000420] -> 0x0193
mem[X,0x0080000000000422] -> 0x0000
[269] [M]: 0x0080000000000420 (0x00000193) addi gp, zero, 0x0
x3 <- 0x0000000000000000

mem[X,0x0080000000000424] -> 0x0093
mem[X,0x0080000000000426] -> 0x0000
[270] [M]: 0x0080000000000424 (0x00000093) addi ra, zero, 0x0
x1 <- 0x0000000000000000

mem[X,0x0080000000000428] -> 0xD13B
mem[X,0x008000000000042A] -> 0x4011
[271] [M]: 0x0080000000000428 (0x4011D13B) sraw sp, gp, ra
x2 <- 0x0000000000000000

mem[X,0x008000000000042C] -> 0x3023
mem[X,0x008000000000042E] -> 0x0224
[272] [M]: 0x008000000000042C (0x02243023) sd sp, 0x20(fp)
mem[0x0080000000003200] <- 0x0000000000000000

mem[X,0x0080000000000430] -> 0x0013
mem[X,0x0080000000000432] -> 0x0000
[273] [M]: 0x0080000000000430 (0x00000013) addi zero, zero, 0x0

mem[X,0x0080000000000434] -> 0x0113
mem[X,0x0080000000000436] -> 0x0000
[274] [M]: 0x0080000000000434 (0x00000113) addi sp, zero, 0x0
x2 <- 0x0000000000000000

mem[X,0x0080000000000438] -> 0x50BB
mem[X,0x008000000000043A] -> 0x4020
[275] [M]: 0x0080000000000438 (0x402050BB) sraw ra, zero, sp
x1 <- 0x0000000000000000

mem[X,0x008000000000043C] -> 0x3423
mem[X,0x008000000000043E] -> 0x0214
[276] [M]: 0x008000000000043C (0x02143423) sd ra, 0x28(fp)
mem[0x0080000000003208] <- 0x0000000000000000

mem[X,0x0080000000000440] -> 0x0093
mem[X,0x0080000000000442] -> 0x0000
[277] [M]: 0x0080000000000440 (0x00000093) addi ra, zero, 0x0
x1 <- 0x0000000000000000

mem[X,0x0080000000000444] -> 0x0F13
mem[X,0x0080000000000446] -> 0x0000
[278] [M]: 0x0080000000000444 (0x00000F13) addi t5, zero, 0x0
x30 <- 0x0000000000000000

mem[X,0x0080000000000448] -> 0xDFBB
mem[X,0x008000000000044A] -> 0x41E0
[279] [M]: 0x0080000000000448 (0x41E0DFBB) sraw t6, ra, t5
x31 <- 0x0000000000000000

mem[X,0x008000000000044C] -> 0x3823
mem[X,0x008000000000044E] -> 0x03F4
[280] [M]: 0x008000000000044C (0x03F43823) sd t6, 0x30(fp)
mem[0x0080000000003210] <- 0x0000000000000000

mem[X,0x0080000000000450] -> 0x0F13
mem[X,0x0080000000000452] -> 0x0000
[281] [M]: 0x0080000000000450 (0x00000F13) addi t5, zero, 0x0
x30 <- 0x0000000000000000

mem[X,0x0080000000000454] -> 0x0013
mem[X,0x0080000000000456] -> 0x0000
[282] [M]: 0x0080000000000454 (0x00000013) addi zero, zero, 0x0

mem[X,0x0080000000000458] -> 0x5FBB
mem[X,0x008000000000045A] -> 0x400F
[283] [M]: 0x0080000000000458 (0x400F5FBB) sraw t6, t5, zero
x31 <- 0x0000000000000000

mem[X,0x008000000000045C] -> 0x3C23
mem[X,0x008000000000045E] -> 0x03F4
[284] [M]: 0x008000000000045C (0x03F43C23) sd t6, 0x38(fp)
mem[0x0080000000003218] <- 0x0000000000000000

mem[X,0x0080000000000460] -> 0x0F93
mem[X,0x0080000000000462] -> 0x0000
[285] [M]: 0x0080000000000460 (0x00000F93) addi t6, zero, 0x0
x31 <- 0x0000000000000000

mem[X,0x0080000000000464] -> 0x0F13
mem[X,0x0080000000000466] -> 0x0000
[286] [M]: 0x0080000000000464 (0x00000F13) addi t5, zero, 0x0
x30 <- 0x0000000000000000

mem[X,0x0080000000000468] -> 0xD03B
mem[X,0x008000000000046A] -> 0x41EF
[287] [M]: 0x0080000000000468 (0x41EFD03B) sraw zero, t6, t5

mem[X,0x008000000000046C] -> 0x3023
mem[X,0x008000000000046E] -> 0x0404
[288] [M]: 0x008000000000046C (0x04043023) sd zero, 0x40(fp)
mem[0x0080000000003220] <- 0x0000000000000000

mem[X,0x0080000000000470] -> 0x0F37
mem[X,0x0080000000000472] -> 0x0000
[289] [M]: 0x0080000000000470 (0x00000F37) lui t5, 0x0
x30 <- 0x0000000000000000

mem[X,0x0080000000000474] -> 0x0F13
mem[X,0x0080000000000476] -> 0xFFFF
[290] [M]: 0x0080000000000474 (0xFFFF0F13) addi t5, t5, -0x1
x30 <- 0xFFFFFFFFFFFFFFFF

mem[X,0x0080000000000478] -> 0x1F13
mem[X,0x008000000000047A] -> 0x00BF
[291] [M]: 0x0080000000000478 (0x00BF1F13) slli t5, t5, 0xb
x30 <- 0xFFFFFFFFFFFFF800

mem[X,0x008000000000047C] -> 0x0F13
mem[X,0x008000000000047E] -> 0x257F
[292] [M]: 0x008000000000047C (0x257F0F13) addi t5, t5, 0x257
x30 <- 0xFFFFFFFFFFFFFA57

mem[X,0x0080000000000480] -> 0x1F13
mem[X,0x0080000000000482] -> 0x00BF
[293] [M]: 0x0080000000000480 (0x00BF1F13) slli t5, t5, 0xb
x30 <- 0xFFFFFFFFFFD2B800

mem[X,0x0080000000000484] -> 0x0F13
mem[X,0x0080000000000486] -> 0x6C3F
[294] [M]: 0x0080000000000484 (0x6C3F0F13) addi t5, t5, 0x6c3
x30 <- 0xFFFFFFFFFFD2BEC3

mem[X,0x0080000000000488] -> 0x1F13
mem[X,0x008000000000048A] -> 0x00AF
[295] [M]: 0x0080000000000488 (0x00AF1F13) slli t5, t5, 0xa
x30 <- 0xFFFFFFFF4AFB0C00

mem[X,0x008000000000048C] -> 0x0F13
mem[X,0x008000000000048E] -> 0x0CEF
[296] [M]: 0x008000000000048C (0x0CEF0F13) addi t5, t5, 0xce
x30 <- 0xFFFFFFFF4AFB0CCE

mem[X,0x0080000000000490] -> 0x0E93
mem[X,0x0080000000000492] -> 0x0000
[297] [M]: 0x0080000000000490 (0x00000E93) addi t4, zero, 0x0
x29 <- 0x0000000000000000

mem[X,0x0080000000000494] -> 0x5FBB
mem[X,0x0080000000000496] -> 0x41DF
[298] [M]: 0x0080000000000494 (0x41DF5FBB) sraw t6, t5, t4
x31 <- 0x000000004AFB0CCE

mem[X,0x0080000000000498] -> 0x3423
mem[X,0x008000000000049A] -> 0x05F4
[299] [M]: 0x0080000000000498 (0x05F43423) sd t6, 0x48(fp)
mem[0x0080000000003228] <- 0x000000004AFB0CCE

clint::tick mtime <- 0x0000000000000003
 clint timer pending at mtime 0x0000000000000003
htif::tick 0x0000000000000000
mem[X,0x008000000000049C] -> 0x006F
mem[X,0x008000000000049E] -> 0x0380
[300] [M]: 0x008000000000049C (0x0380006F) jal zero, 0x38

mem[X,0x00800000000004D4] -> 0x0093
mem[X,0x00800000000004D6] -> 0x0010
[301] [M]: 0x00800000000004D4 (0x00100093) addi ra, zero, 0x1
x1 <- 0x0000000000000001

mem[X,0x00800000000004D8] -> 0x1397
mem[X,0x00800000000004DA] -> 0x0000
[302] [M]: 0x00800000000004D8 (0x00001397) auipc t2, 0x1
x7 <- 0x00800000000014D8

mem[X,0x00800000000004DC] -> 0xA423
mem[X,0x00800000000004DE] -> 0xB213
[303] [M]: 0x00800000000004DC (0xB213A423) sw ra, -0x4d8(t2)
htif[0x0080000000001000] <- 0x00000001

mem[X,0x00800000000004E0] -> 0xF06F
mem[X,0x00800000000004E2] -> 0xFF9F
[304] [M]: 0x00800000000004E0 (0xFF9FF06F) jal zero, -0x8

mem[X,0x00800000000004D8] -> 0x1397
mem[X,0x00800000000004DA] -> 0x0000
[305] [M]: 0x00800000000004D8 (0x00001397) auipc t2, 0x1
x7 <- 0x00800000000014D8

mem[X,0x00800000000004DC] -> 0xA423
mem[X,0x00800000000004DE] -> 0xB213
[306] [M]: 0x00800000000004DC (0xB213A423) sw ra, -0x4d8(t2)
htif[0x0080000000001000] <- 0x00000001

mem[X,0x00800000000004E0] -> 0xF06F
mem[X,0x00800000000004E2] -> 0xFF9F
[307] [M]: 0x00800000000004E0 (0xFF9FF06F) jal zero, -0x8

mem[X,0x00800000000004D8] -> 0x1397
mem[X,0x00800000000004DA] -> 0x0000
[308] [M]: 0x00800000000004D8 (0x00001397) auipc t2, 0x1
x7 <- 0x00800000000014D8

mem[X,0x00800000000004DC] -> 0xA423
mem[X,0x00800000000004DE] -> 0xB213
[309] [M]: 0x00800000000004DC (0xB213A423) sw ra, -0x4d8(t2)
htif[0x0080000000001000] <- 0x00000001
htif-syscall-proxy cmd: 0x000000000001
Cannot open file '/workspaces/riscv-arch-test/riscof-plugins/rv64/riscof_work/rv64i_m/I/src/sraw-01.S/Reference-sail_c_simulator.signature': No such file or directory

SUCCESS
